Microsoft Windows [Versión 6.1.7601]
Copyright (c) 2009 Microsoft Corporation. Reservados todos los derechos.

C:\windows\system32>mysql --version
mysql  Ver 14.14 Distrib 5.6.20, for Win32 (x86)

C:\windows\system32>cd C:\mysql

C:\mysql>mysqld --install
Service successfully installed.

C:\mysql>mysqld --remove
Service successfully removed.

C:\mysql>sc delete MySQL
[SC] OpenService ERROR 1060:

El servicio especificado no existe como servicio instalado.


C:\mysql>cd bin

C:\mysql\bin>mysqld --install
Service successfully installed.

C:\mysql\bin>mysql -u root -p
Enter password: ********
ERROR 1045 (28000): Access denied for user 'root'@'localhost' (using password: Y
ES)

C:\mysql\bin>mysql -u root -p
Enter password: ********
ERROR 1045 (28000): Access denied for user 'root'@'localhost' (using password: Y
ES)

C:\mysql\bin>mysql -u root -p
Enter password:
Welcome to the MySQL monitor.  Commands end with ; or \g.
Your MySQL connection id is 3
Server version: 5.6.20 MySQL Community Server (GPL)

Copyright (c) 2000, 2014, Oracle and/or its affiliates. All rights reserved.

Oracle is a registered trademark of Oracle Corporation and/or its
affiliates. Other names may be trademarks of their respective
owners.

Type 'help;' or '\h' for help. Type '\c' to clear the current input statement.

mysql> use mysql
Database changed
mysql> UPDATE mysql.user SET Password=PASSWORD('mysqlpass') WHERE User='root';
Query OK, 3 rows affected (0.00 sec)
Rows matched: 3  Changed: 3  Warnings: 0

mysql> select user, host from users;
ERROR 1146 (42S02): Table 'mysql.users' doesn't exist
mysql> select user, host from user;
+------+-----------+
| user | host      |
+------+-----------+
| root | 127.0.0.1 |
| root | ::1       |
|      | localhost |
| root | localhost |
+------+-----------+
4 rows in set (0.00 sec)

mysql> select user, host from users where user='';
ERROR 1146 (42S02): Table 'mysql.users' doesn't exist
mysql> select user, host from user where user='';
+------+-----------+
| user | host      |
+------+-----------+
|      | localhost |
+------+-----------+
1 row in set (0.00 sec)

mysql> delete from user where user='';
Query OK, 1 row affected (0.00 sec)

mysql> flush privileges;
Query OK, 0 rows affected (0.00 sec)

mysql> quit;
Bye

C:\mysql\bin>mysql -u root -p
Enter password: *********
Welcome to the MySQL monitor.  Commands end with ; or \g.
Your MySQL connection id is 4
Server version: 5.6.20 MySQL Community Server (GPL)

Copyright (c) 2000, 2014, Oracle and/or its affiliates. All rights reserved.

Oracle is a registered trademark of Oracle Corporation and/or its
affiliates. Other names may be trademarks of their respective
owners.

Type 'help;' or '\h' for help. Type '\c' to clear the current input statement.

mysql> CREATE DATABASE mydb default character set utf8 default collate utf8_gene
ral_ci;
Query OK, 1 row affected (0.00 sec)

mysql> CREATE USER 'userdb'@'localhost' IDENTIFIED BY 'password';
Query OK, 0 rows affected (0.00 sec)

mysql> GRANT ALL PRIVILEGES ON * . * TO 'userdb'@'localhost';
Query OK, 0 rows affected (0.00 sec)

mysql> flush privileges
    -> ;
Query OK, 0 rows affected (0.00 sec)

mysql> quit;
Bye

C:\mysql\bin>mysql -u userdb -p
Enter password: ********
Welcome to the MySQL monitor.  Commands end with ; or \g.
Your MySQL connection id is 5
Server version: 5.6.20 MySQL Community Server (GPL)

Copyright (c) 2000, 2014, Oracle and/or its affiliates. All rights reserved.

Oracle is a registered trademark of Oracle Corporation and/or its
affiliates. Other names may be trademarks of their respective
owners.

Type 'help;' or '\h' for help. Type '\c' to clear the current input statement.

mysql>

mysql> CREATE DATABASE rentalhousingdb;
mysql> USE rentalhousingdb;
Database changed
mysql> GRANT USAGE ON *.* TO daro@localhost IDENTIFIED BY 'daropass';
Query OK, 0 rows affected (0.20 sec)

mysql> GRANT ALL PRIVILEGES ON rentalhousingdb.* TO daro@localhost;

CREATE TABLE House(
   house_id INT NOT NULL AUTO_INCREMENT,
   address VARCHAR(250) NOT NULL,
   PRIMARY KEY ( house_id )
);



INSERT INTO rentalhousingdb.House (address ) VALUES("Colon 1881 5C");

